------------------------------------------------------------
Timing Analyzer Summary
------------------------------------------------------------

Type  : Slow 1200mV 85C Model Setup 'sys_clk'
Slack : 8.628
TNS   : 0.000

Type  : Slow 1200mV 85C Model Setup 'clk'
Slack : 65.182
TNS   : 0.000

Type  : Slow 1200mV 85C Model Hold 'clk'
Slack : 0.357
TNS   : 0.000

Type  : Slow 1200mV 85C Model Hold 'sys_clk'
Slack : 0.568
TNS   : 0.000

Type  : Slow 1200mV 85C Model Recovery 'clk'
Slack : 94.343
TNS   : 0.000

Type  : Slow 1200mV 85C Model Removal 'clk'
Slack : 1.652
TNS   : 0.000

Type  : Slow 1200mV 85C Model Minimum Pulse Width 'sys_clk'
Slack : 9.596
TNS   : 0.000

Type  : Slow 1200mV 85C Model Minimum Pulse Width 'clk'
Slack : 49.691
TNS   : 0.000

Type  : Slow 1200mV 0C Model Setup 'sys_clk'
Slack : 8.795
TNS   : 0.000

Type  : Slow 1200mV 0C Model Setup 'clk'
Slack : 68.881
TNS   : 0.000

Type  : Slow 1200mV 0C Model Hold 'clk'
Slack : 0.311
TNS   : 0.000

Type  : Slow 1200mV 0C Model Hold 'sys_clk'
Slack : 0.509
TNS   : 0.000

Type  : Slow 1200mV 0C Model Recovery 'clk'
Slack : 94.910
TNS   : 0.000

Type  : Slow 1200mV 0C Model Removal 'clk'
Slack : 1.511
TNS   : 0.000

Type  : Slow 1200mV 0C Model Minimum Pulse Width 'sys_clk'
Slack : 9.596
TNS   : 0.000

Type  : Slow 1200mV 0C Model Minimum Pulse Width 'clk'
Slack : 49.715
TNS   : 0.000

Type  : Fast 1200mV 0C Model Setup 'sys_clk'
Slack : 9.025
TNS   : 0.000

Type  : Fast 1200mV 0C Model Setup 'clk'
Slack : 79.422
TNS   : 0.000

Type  : Fast 1200mV 0C Model Hold 'clk'
Slack : 0.187
TNS   : 0.000

Type  : Fast 1200mV 0C Model Hold 'sys_clk'
Slack : 0.303
TNS   : 0.000

Type  : Fast 1200mV 0C Model Recovery 'clk'
Slack : 96.686
TNS   : 0.000

Type  : Fast 1200mV 0C Model Removal 'clk'
Slack : 0.913
TNS   : 0.000

Type  : Fast 1200mV 0C Model Minimum Pulse Width 'sys_clk'
Slack : 9.273
TNS   : 0.000

Type  : Fast 1200mV 0C Model Minimum Pulse Width 'clk'
Slack : 49.710
TNS   : 0.000

------------------------------------------------------------
